import "@stdlib/deploy";

contract Bools with Deployable {
    // contract persistent state variables
    b1: Booltrue;b2: Boolfalse;b3: Bool;

    receive("show all") {
        dump(self.b1);dump(self.b2);dump(self.b3);
    }

    receive("show ops") {
        let b: Bool = true;
        // temporary variable
        dump(b);
        b = self.b1 && self.b2 || !self.b3;
        dump(b);
        dump(self.b1 == true);dump(self.b1 == self.b2);dump(self.b1 != self.b2);
    }

    get fun result(): Bool {
        return self.b1;
    }
}